// Jest Snapshot v1, https://goo.gl/fbAQLP

exports[`ConfigField comp BODY1 field renders correctly 1`] = `
<ContextConsumer>
  <Component />
</ContextConsumer>
`;

exports[`ConfigField comp CURRENCY field renders correctly 1`] = `
<ContextConsumer>
  <Component />
</ContextConsumer>
`;

exports[`ConfigField comp CUSTOM_FIELD field renders correctly 1`] = `
<ContextConsumer>
  <Component />
</ContextConsumer>
`;

exports[`ConfigField comp DATE field renders correctly 1`] = `
<ContextConsumer>
  <Component />
</ContextConsumer>
`;

exports[`ConfigField comp DATETIME field renders correctly 1`] = `
<ContextConsumer>
  <Component />
</ContextConsumer>
`;

exports[`ConfigField comp NUMBER field renders correctly 1`] = `
<ContextConsumer>
  <Component />
</ContextConsumer>
`;

exports[`ConfigField comp STRING field renders correctly 1`] = `
<ContextConsumer>
  <Component />
</ContextConsumer>
`;

exports[`ConfigField comp SUBHEADING field renders correctly 1`] = `
<ContextConsumer>
  <Component />
</ContextConsumer>
`;

exports[`ConfigField comp TIME field renders correctly 1`] = `
<ContextConsumer>
  <Component />
</ContextConsumer>
`;

exports[`ConfigField comp TITLE field renders correctly 1`] = `
<ContextConsumer>
  <Component />
</ContextConsumer>
`;
