// Jest Snapshot v1, https://goo.gl/fbAQLP

exports[`HeaderLinks comp renders correctly by default 1`] = `
<Fragment>
  <WithStyles(Button)
    aria-label="Switch to launch bar"
    className="HeaderLinksComp-menuBtn-1 HeaderLinksComp-info-2"
    color="inherit"
    mini={true}
    onClick={[MockFunction]}
    variant="fab"
  >
    <pure(OpenInNewIcon) />
  </WithStyles(Button)>
  <WithStyles(Button)
    aria-label="Minimize"
    className="HeaderLinksComp-menuBtn-1 HeaderLinksComp-success-3"
    color="inherit"
    mini={true}
    onClick={[MockFunction]}
    variant="fab"
  >
    <pure(RemoveIcon) />
  </WithStyles(Button)>
  <WithStyles(Button)
    aria-label="Maximize"
    className="HeaderLinksComp-menuBtn-1 HeaderLinksComp-warning-4"
    color="inherit"
    mini={true}
    onClick={[MockFunction]}
    variant="fab"
  >
    <pure(CropDinIcon) />
  </WithStyles(Button)>
  <WithStyles(Button)
    aria-label="Close"
    className="HeaderLinksComp-menuBtn-1 HeaderLinksComp-danger-5"
    color="inherit"
    mini={true}
    onClick={[MockFunction]}
    variant="fab"
  >
    <pure(ClearIcon) />
  </WithStyles(Button)>
</Fragment>
`;
