// Jest Snapshot v1, https://goo.gl/fbAQLP

exports[`MySnackbarContent comp renders correctly by default 1`] = `
<WithStyles(SnackbarContent)
  action={
    <WithStyles(IconButton)
      aria-label="Close"
      color="inherit"
      onClick={[MockFunction]}
    >
      <pure(CloseIcon)
        className="MySnackbarContentComp-icon-7"
      />
    </WithStyles(IconButton)>
  }
  aria-describedby="client-snackbar"
  className="MySnackbarContentComp-primary-1"
  message={
    <span
      className="MySnackbarContentComp-message-9"
      id="client-snackbar"
    >
      <pure(DesktopMacIcon)
        className="MySnackbarContentComp-icon-7 MySnackbarContentComp-iconVariant-8"
      />
      message
    </span>
  }
/>
`;
