// Jest Snapshot v1, https://goo.gl/fbAQLP

exports[`ClientLaunchFirstAppBar render correctly by default 1`] = `
<div
  className="Hook-outmostContainer-1xszbs5"
>
  <img
    className="Hook-appLogoImg-1yqdp6t"
    src="app.svg"
  />
  <WithStyles(IconButton)
    aria-label="ThumbUp"
    className="Hook-testBtn-ug58h2"
  >
    <pure(ThumbUpIcon)
      fontSize="small"
    />
  </WithStyles(IconButton)>
</div>
`;
